// Jest Snapshot v1, https://goo.gl/fbAQLP

exports[`Authenticate renders a snapshot 1`] = `
<div
  className="container"
>
  <p
    className="title"
  >
    Duckr
  </p>
  <p
    className="slogan"
  >
    The real time, cloud based, modular, scalable, growth hack, social platform. In the cloud.
  </p>
  <button>
    Toggle Language
  </button>
</div>
`;
